Archive member included to satisfy reference by file (symbol)

/usr/lib/gcc/arm-none-eabi/5.4.1/libgcc.a(_udivsi3.o)
                              binaries/fs.o (__aeabi_uidiv)
/usr/lib/gcc/arm-none-eabi/5.4.1/libgcc.a(_divsi3.o)
                              binaries/fs.o (__aeabi_idiv)
/usr/lib/gcc/arm-none-eabi/5.4.1/libgcc.a(_dvmd_tls.o)
                              /usr/lib/gcc/arm-none-eabi/5.4.1/libgcc.a(_udivsi3.o) (__aeabi_idiv0)

Allocating common symbols
Common symbol       size              file

netbufpool          0x4               binaries/net.o
readylist           0x2               binaries/ready.o
rfltab              0x5a0             binaries/rflinit.o
page_table          0x190000          binaries/mmu.o
sleepq              0x2               binaries/clkinit.o
intc_vector         0x200             binaries/evec.o
nnames              0x4               binaries/naminit.o
udptab              0x168             binaries/udp.o
minheap             0x4               binaries/meminit.o
marks               0x50              binaries/mark.o
currpid             0x4               binaries/initialize.o
Lf_data             0x20c             binaries/lfsinit.o
porttab             0x2d0             binaries/ptinit.o
ttytab              0x10c             binaries/ttyinit.o
proctab             0x15e0            binaries/initialize.o
eth_a_regs          0x1c              binaries/ethinit.o
prcount             0x4               binaries/initialize.o
dev0_blocks         0x4               binaries/fs.o
lfltab              0xf00             binaries/lflinit.o
block_cache         0x200             binaries/fs.o
rdstab              0x8c              binaries/rdsinit.o
ethertab            0x138             binaries/ethinit.o
nsaddr              0x4               binaries/dns.o
NetData             0xa8              binaries/net.o
nmarks              0x4               binaries/mark.o
dev0_blocksize      0x4               binaries/fs.o
Defer               0x8               binaries/resched.o
semtab              0x4b0             binaries/initialize.o
maxheap             0x4               binaries/meminit.o
preempt             0x4               binaries/clkinit.o
buftab              0xf0              binaries/bufinit.o
Rf_data             0x18              binaries/rfsinit.o
list_inode          0x3c0             binaries/bs.o
mkmutex             0x4               binaries/mark.o
clktime             0x4               binaries/clkinit.o
cpudelay            0x4               binaries/main.o
arpcache            0x140             binaries/arp.o
icmptab             0x230             binaries/icmp.o
nbpools             0x4               binaries/bufinit.o
oft                 0x600             binaries/bs.o
queuetab            0x980             binaries/queue.o
dev0_numblocks      0x4               binaries/fs.o
ptnextid            0x4               binaries/ptinit.o
Ram                 0x19000           binaries/raminit.o
ipoqueue            0x2c              binaries/ip.o
consumed            0x4               binaries/xsh_prodcons.o
memlist             0x8               binaries/initialize.o
produced            0x4               binaries/xsh_prodcons.o
nametab             0x19a0            binaries/naminit.o
ptfree              0x4               binaries/ptinit.o

Memory Configuration

Name             Origin             Length             Attributes
*default*        0x0000000000000000 0xffffffffffffffff

Linker script and memory map

                0x0000000081000000                physbase = 0x81000000
                0x0000000081000000                . = physbase
                0x0000000081000000                . = ALIGN (0x1000)

.text           0x0000000081000000    0x19000
                0x0000000081000000                text = ABSOLUTE (.)
 *(.text .text.*)
 .text          0x0000000081000000       0x4c binaries/start.o
                0x0000000081000000                start
 .text          0x000000008100004c      0x36c binaries/ascdate.o
                0x000000008100004c                ascdate
 .text          0x00000000810003b8      0x17c binaries/bs.o
                0x00000000810003b8                bs_mkdev
                0x0000000081000454                bs_bread
                0x00000000810004c4                bs_bwrite
 .text          0x0000000081000534       0x18 binaries/bufinit.o
                0x0000000081000534                bufinit
 .text          0x000000008100054c       0x68 binaries/chprio.o
                0x000000008100054c                chprio
 .text          0x00000000810005b4       0x54 binaries/close.o
                0x00000000810005b4                close
 .text          0x0000000081000608        0x0 binaries/conf.o
 .text          0x0000000081000608       0x6c binaries/control.o
                0x0000000081000608                control
 .text          0x0000000081000674      0x2bc binaries/create.o
                0x0000000081000674                create
 .text          0x0000000081000930       0xb0 binaries/evec.o
                0x0000000081000930                initintc
                0x000000008100095c                set_evec
                0x000000008100099c                irq_dispatch
 .text          0x00000000810009e0       0x10 binaries/exit.o
                0x00000000810009e0                exit
 .text          0x00000000810009f0       0xa4 binaries/f_queue.o
                0x00000000810009f0                init_proc_queue
                0x0000000081000a10                f_isempty
                0x0000000081000a20                f_enqueue
                0x0000000081000a5c                f_dequeue
 .text          0x0000000081000a94       0x7c binaries/freebuf.o
                0x0000000081000a94                freebuf
 .text          0x0000000081000b10      0x150 binaries/freemem.o
                0x0000000081000b10                freemem
 .text          0x0000000081000c60      0xe30 binaries/fs.o
                0x0000000081000c60                fs_fileblock_to_diskblock
                0x0000000081000ca0                fs_get_inode_by_num
                0x0000000081000d78                fs_put_inode_by_num
                0x0000000081000e74                fs_print_fsd
                0x0000000081000f18                fs_setmaskbit
                0x0000000081000f5c                fs_mkfs
                0x00000000810010cc                fs_getmaskbit
                0x0000000081001108                fs_clearmaskbit
                0x000000008100114c                fs_printfreemask
                0x00000000810011f4                fs_create
                0x0000000081001360                fs_open
                0x0000000081001530                fs_write
                0x0000000081001794                fs_close
                0x0000000081001814                fs_read
                0x0000000081001a24                fs_seek
 .text          0x0000000081001a90       0x84 binaries/future_alloc.o
                0x0000000081001a90                future_alloc
 .text          0x0000000081001b14       0x10 binaries/future_free.o
                0x0000000081001b14                future_free
 .text          0x0000000081001b24      0x1bc binaries/future_get.o
                0x0000000081001b24                future_get
 .text          0x0000000081001ce0      0x1a4 binaries/future_set.o
                0x0000000081001ce0                future_set
 .text          0x0000000081001e84       0x7c binaries/getbuf.o
                0x0000000081001e84                getbuf
 .text          0x0000000081001f00       0x54 binaries/getc.o
                0x0000000081001f00                getc
 .text          0x0000000081001f54       0x68 binaries/getdev.o
                0x0000000081001f54                getdev
 .text          0x0000000081001fbc       0x90 binaries/getitem.o
                0x0000000081001fbc                getitem
                0x0000000081001fe4                getfirst
                0x0000000081002010                getlast
 .text          0x000000008100204c      0x104 binaries/getmem.o
                0x000000008100204c                getmem
 .text          0x0000000081002150       0x10 binaries/getpid.o
                0x0000000081002150                getpid
 .text          0x0000000081002160       0x60 binaries/getprio.o
                0x0000000081002160                getprio
 .text          0x00000000810021c0       0xcc binaries/getstk.o
                0x00000000810021c0                getstk
 .text          0x000000008100228c       0x54 binaries/init.o
                0x000000008100228c                init
 .text          0x00000000810022e0      0x29c binaries/initialize.o
                0x00000000810022e0                nulluser
                0x000000008100251c                stop
                0x0000000081002540                delay
 .text          0x000000008100257c       0xb8 binaries/insert.o
                0x000000008100257c                insert
 .text          0x0000000081002634      0x124 binaries/insertd.o
                0x0000000081002634                insertd
 .text          0x0000000081002758        0x8 binaries/ioerr.o
                0x0000000081002758                ioerr
 .text          0x0000000081002760        0x8 binaries/ionull.o
                0x0000000081002760                ionull
 .text          0x0000000081002768      0x198 binaries/kill.o
                0x0000000081002768                kill
 .text          0x0000000081002900       0xd0 binaries/mark.o
                0x0000000081002900                markinit
                0x000000008100292c                mark
 .text          0x00000000810029d0       0x44 binaries/meminit.o
                0x00000000810029d0                meminit
 .text          0x0000000081002a14      0x138 binaries/mkbufpool.o
                0x0000000081002a14                mkbufpool
 .text          0x0000000081002b4c      0x154 binaries/mmu.o
                0x0000000081002b4c                setPageTable
                0x0000000081002b6c                setAccessControl
                0x0000000081002b78                FlushTLB
                0x0000000081002b84                enableMMU
                0x0000000081002b94                initializeMMU
                0x0000000081002c8c                pageFaultHandler
 .text          0x0000000081002ca0       0x70 binaries/newqueue.o
                0x0000000081002ca0                newqueue
 .text          0x0000000081002d10       0x64 binaries/open.o
                0x0000000081002d10                open
 .text          0x0000000081002d74       0x20 binaries/panic.o
                0x0000000081002d74                panic
 .text          0x0000000081002d94       0xa8 binaries/ptclear.o
                0x0000000081002d94                _ptclear
 .text          0x0000000081002e3c       0x9c binaries/ptcount.o
                0x0000000081002e3c                ptcount
 .text          0x0000000081002ed8       0xf8 binaries/ptcreate.o
                0x0000000081002ed8                ptcreate
 .text          0x0000000081002fd0       0x74 binaries/ptdelete.o
                0x0000000081002fd0                ptdelete
 .text          0x0000000081003044       0xb0 binaries/ptinit.o
                0x0000000081003044                ptinit
 .text          0x00000000810030f4      0x158 binaries/ptrecv.o
                0x00000000810030f4                ptrecv
 .text          0x000000008100324c       0x68 binaries/ptreset.o
                0x000000008100324c                ptreset
 .text          0x00000000810032b4      0x18c binaries/ptsend.o
                0x00000000810032b4                ptsend
 .text          0x0000000081003440       0x5c binaries/putc.o
                0x0000000081003440                putc
 .text          0x000000008100349c       0xd8 binaries/queue.o
                0x000000008100349c                enqueue
                0x0000000081003518                dequeue
 .text          0x0000000081003574       0x64 binaries/read.o
                0x0000000081003574                read
 .text          0x00000000810035d8       0x74 binaries/ready.o
                0x00000000810035d8                ready
 .text          0x000000008100364c       0x84 binaries/receive.o
                0x000000008100364c                receive
 .text          0x00000000810036d0       0x60 binaries/recvclr.o
                0x00000000810036d0                recvclr
 .text          0x0000000081003730       0xe0 binaries/recvtime.o
                0x0000000081003730                recvtime
 .text          0x0000000081003810      0x1c8 binaries/resched.o
                0x0000000081003810                resched
                0x0000000081003924                resched_cntl
 .text          0x00000000810039d8       0x88 binaries/resume.o
                0x00000000810039d8                resume
 .text          0x0000000081003a60       0x5c binaries/seek.o
                0x0000000081003a60                seek
 .text          0x0000000081003abc       0x60 binaries/semcount.o
                0x0000000081003abc                semcount
 .text          0x0000000081003b1c       0xc8 binaries/semcreate.o
                0x0000000081003b1c                semcreate
 .text          0x0000000081003be4       0xc0 binaries/semdelete.o
                0x0000000081003be4                semdelete
 .text          0x0000000081003ca4       0xbc binaries/semreset.o
                0x0000000081003ca4                semreset
 .text          0x0000000081003d60       0xd0 binaries/send.o
                0x0000000081003d60                send
 .text          0x0000000081003e30       0xa4 binaries/signal.o
                0x0000000081003e30                signal
 .text          0x0000000081003ed4       0xc0 binaries/signaln.o
                0x0000000081003ed4                signaln
 .text          0x0000000081003f94       0xd0 binaries/sleep.o
                0x0000000081003f94                sleepms
                0x0000000081004034                sleep
 .text          0x0000000081004064       0xd4 binaries/suspend.o
                0x0000000081004064                suspend
 .text          0x0000000081004138       0xa4 binaries/unsleep.o
                0x0000000081004138                unsleep
 .text          0x00000000810041dc       0x10 binaries/userret.o
                0x00000000810041dc                userret
 .text          0x00000000810041ec       0xd0 binaries/wait.o
                0x00000000810041ec                wait
 .text          0x00000000810042bc       0x88 binaries/wakeup.o
                0x00000000810042bc                wakeup
 .text          0x0000000081004344       0x64 binaries/write.o
                0x0000000081004344                write
 .text          0x00000000810043a8       0x18 binaries/xdone.o
                0x00000000810043a8                xdone
 .text          0x00000000810043c0       0x20 binaries/yield.o
                0x00000000810043c0                yield
 .text          0x00000000810043e0       0xe8 binaries/clkhandler.o
                0x00000000810043e0                clkhandler
 .text          0x00000000810044c8       0xd4 binaries/clkinit.o
                0x00000000810044c8                clkinit
 .text          0x000000008100459c       0x38 binaries/gettime.o
                0x000000008100459c                gettime
 .text          0x00000000810045d4       0xb4 binaries/kprintf.o
                0x00000000810045d4                kputc
                0x0000000081004614                kgetc
                0x0000000081004648                kprintf
 .text          0x0000000081004688       0xdc binaries/main.o
                0x0000000081004688                counterproc
                0x00000000810046c4                main
 .text          0x0000000081004764       0xb0 binaries/platinit.o
                0x0000000081004764                platinit
                0x00000000810047ac                am335x_init
 .text          0x0000000081004814      0x1c0 binaries/xsh_arp.o
                0x0000000081004814                xsh_arp
 .text          0x00000000810049d4      0x364 binaries/xsh_ipaddr.o
                0x00000000810049d4                xsh_ipaddr
 .text          0x0000000081004d38      0x3d0 binaries/xsh_ping.o
                0x0000000081004d38                xsh_ping
 .text          0x0000000081005108      0x24c binaries/xsh_udpdump.o
                0x0000000081005108                xsh_udpdump
 .text          0x0000000081005354      0x428 binaries/xsh_udpecho.o
                0x0000000081005354                xsh_udpecho
 .text          0x000000008100577c      0x268 binaries/xsh_udpeserver.o
                0x000000008100577c                xsh_udpeserver
 .text          0x00000000810059e4        0xc binaries/abs.o
                0x00000000810059e4                abs
 .text          0x00000000810059f0      0x138 binaries/atoi.o
                0x00000000810059f0                atoi
 .text          0x0000000081005b28      0x138 binaries/atol.o
                0x0000000081005b28                atol
 .text          0x0000000081005c60       0x20 binaries/bzero.o
                0x0000000081005c60                bzero
 .text          0x0000000081005c80        0x0 binaries/ctype_.o
 .text          0x0000000081005c80      0x980 binaries/doprnt.o
                0x0000000081005e68                _doprnt
 .text          0x0000000081006600      0x71c binaries/doscan.o
                0x0000000081006600                _doscan
 .text          0x0000000081006d1c      0x8a0 binaries/fdoprnt.o
                0x0000000081006dcc                _fdoprnt
 .text          0x00000000810075bc       0x14 binaries/fgetc.o
                0x00000000810075bc                fgetc
 .text          0x00000000810075d0       0x74 binaries/fgets.o
                0x00000000810075d0                fgets
 .text          0x0000000081007644       0x3c binaries/fprintf.o
                0x0000000081007644                fprintf
 .text          0x0000000081007680       0x24 binaries/fputc.o
                0x0000000081007680                fputc
 .text          0x00000000810076a4       0x38 binaries/fputs.o
                0x00000000810076a4                fputs
 .text          0x00000000810076dc       0x7c binaries/fscanf.o
                0x0000000081007710                fscanf
 .text          0x0000000081007758       0x30 binaries/getchar.o
                0x0000000081007758                getchar
 .text          0x0000000081007788        0xc binaries/labs.o
                0x0000000081007788                labs
 .text          0x0000000081007794       0x40 binaries/memchr.o
                0x0000000081007794                memchr
 .text          0x00000000810077d4       0x58 binaries/memcmp.o
                0x00000000810077d4                memcmp
 .text          0x000000008100782c       0x24 binaries/memcpy.o
                0x000000008100782c                memcpy
 .text          0x0000000081007850       0x20 binaries/memset.o
                0x0000000081007850                memset
 .text          0x0000000081007870       0x5c binaries/printf.o
                0x0000000081007870                printf
 .text          0x00000000810078cc       0x30 binaries/putchar.o
                0x00000000810078cc                putchar
 .text          0x00000000810078fc      0x240 binaries/qsort.o
                0x0000000081007b1c                qsort
 .text          0x0000000081007b3c       0x38 binaries/rand.o
                0x0000000081007b3c                srand
                0x0000000081007b4c                rand
 .text          0x0000000081007b74       0x68 binaries/sprintf.o
                0x0000000081007b8c                sprintf
 .text          0x0000000081007bdc       0x7c binaries/sscanf.o
                0x0000000081007c10                sscanf
 .text          0x0000000081007c58       0x40 binaries/strchr.o
                0x0000000081007c58                strchr
 .text          0x0000000081007c98       0x54 binaries/strcmp.o
                0x0000000081007c98                strcmp
 .text          0x0000000081007cec       0x1c binaries/strcpy.o
                0x0000000081007cec                strcpy
 .text          0x0000000081007d08       0x30 binaries/strlen.o
                0x0000000081007d08                strlen
 .text          0x0000000081007d38       0x50 binaries/strncat.o
                0x0000000081007d38                strncat
 .text          0x0000000081007d88       0x50 binaries/strncmp.o
                0x0000000081007d88                strncmp
 .text          0x0000000081007dd8       0x80 binaries/strncpy.o
                0x0000000081007dd8                strncpy
 .text          0x0000000081007e58       0x50 binaries/strnlen.o
                0x0000000081007e58                strnlen
 .text          0x0000000081007ea8       0x40 binaries/strrchr.o
                0x0000000081007ea8                strrchr
 .text          0x0000000081007ee8       0xb4 binaries/strstr.o
                0x0000000081007ee8                strstr
 .text          0x0000000081007f9c      0x138 binaries/addargs.o
                0x0000000081007f9c                addargs
 .text          0x00000000810080d4      0x290 binaries/lexan.o
                0x00000000810080d4                lexan
 .text          0x0000000081008364      0x6a4 binaries/shell.o
                0x0000000081008364                shell
 .text          0x0000000081008a08       0x64 binaries/xsh_argecho.o
                0x0000000081008a08                xsh_argecho
 .text          0x0000000081008a6c      0x240 binaries/xsh_cat.o
                0x0000000081008a6c                xsh_cat
 .text          0x0000000081008cac       0x5c binaries/xsh_clear.o
                0x0000000081008cac                xsh_clear
 .text          0x0000000081008d08      0x2b0 binaries/xsh_date.o
                0x0000000081008d08                xsh_date
 .text          0x0000000081008fb8       0x9c binaries/xsh_devdump.o
                0x0000000081008fb8                xsh_devdump
 .text          0x0000000081009054       0x68 binaries/xsh_echo.o
                0x0000000081009054                xsh_echo
 .text          0x00000000810090bc        0x8 binaries/xsh_exit.o
                0x00000000810090bc                xsh_exit
 .text          0x00000000810090c4      0x440 binaries/xsh_fstest.o
                0x00000000810090c4                fs_testbitmask
                0x0000000081009274                xsh_fstest
 .text          0x0000000081009504      0x170 binaries/xsh_hello.o
                0x0000000081009504                xsh_hello
 .text          0x0000000081009674      0x3b0 binaries/xsh_help.o
                0x0000000081009674                xsh_help
 .text          0x0000000081009a24      0x214 binaries/xsh_kill.o
                0x0000000081009a24                xsh_kill
 .text          0x0000000081009c38      0x2bc binaries/xsh_led.o
                0x0000000081009c38                xsh_led
 .text          0x0000000081009ef4      0x450 binaries/xsh_memdump.o
                0x0000000081009fec                xsh_memdump
 .text          0x000000008100a344      0x22c binaries/xsh_memstat.o
                0x000000008100a344                xsh_memstat
 .text          0x000000008100a570       0xbc binaries/xsh_mmu.o
                0x000000008100a570                function1
                0x000000008100a5a0                xsh_mmu
 .text          0x000000008100a62c      0x454 binaries/xsh_prodcons.o
                0x000000008100a62c                xsh_prodcons
 .text          0x000000008100aa80      0x228 binaries/xsh_ps.o
                0x000000008100aa80                xsh_ps
 .text          0x000000008100aca8      0x1ec binaries/xsh_sleep.o
                0x000000008100aca8                xsh_sleep
 .text          0x000000008100ae94      0x1b8 binaries/xsh_uptime.o
                0x000000008100ae94                xsh_uptime
 .text          0x000000008100b04c       0x6c binaries/consume.o
                0x000000008100b04c                consume
 .text          0x000000008100b0b8       0x58 binaries/future_cons.o
                0x000000008100b0b8                future_cons
 .text          0x000000008100b110       0x3c binaries/future_prod.o
                0x000000008100b110                future_prod
 .text          0x000000008100b14c       0x70 binaries/produce.o
                0x000000008100b14c                produce
 .text          0x000000008100b1bc      0x128 binaries/ttycontrol.o
                0x000000008100b1bc                ttycontrol
 .text          0x000000008100b2e4       0xac binaries/ttygetc.o
                0x000000008100b2e4                ttygetc
 .text          0x000000008100b390      0x4d8 binaries/ttyhandle_in.o
                0x000000008100b45c                ttyhandle_in
 .text          0x000000008100b868      0x194 binaries/ttyhandle_out.o
                0x000000008100b868                ttyhandle_out
 .text          0x000000008100b9fc       0xd0 binaries/ttyhandler.o
                0x000000008100b9fc                ttyhandler
 .text          0x000000008100bacc      0x120 binaries/ttyinit.o
                0x000000008100bacc                ttyinit
 .text          0x000000008100bbec        0xc binaries/ttykickout.o
                0x000000008100bbec                ttykickout
 .text          0x000000008100bbf8       0x90 binaries/ttyputc.o
                0x000000008100bbf8                ttyputc
 .text          0x000000008100bc88      0x128 binaries/ttyread.o
                0x000000008100bc88                ttyread
 .text          0x000000008100bdb0       0x48 binaries/ttywrite.o
                0x000000008100bdb0                ttywrite
 .text          0x000000008100bdf8      0x154 binaries/mount.o
                0x000000008100bdf8                namlen
                0x000000008100be50                mount
 .text          0x000000008100bf4c      0x1c0 binaries/naminit.o
                0x000000008100bf4c                naminit
 .text          0x000000008100c10c      0x240 binaries/nammap.o
                0x000000008100c10c                namrepl
                0x000000008100c254                namcpy
                0x000000008100c2b0                nammap
 .text          0x000000008100c34c       0x44 binaries/namopen.o
                0x000000008100c34c                namopen
 .text          0x000000008100c390      0x108 binaries/colon2mac.o
                0x000000008100c390                colon2mac
 .text          0x000000008100c498       0x40 binaries/ethcontrol.o
                0x000000008100c498                ethcontrol
 .text          0x000000008100c4d8      0x178 binaries/ethhandler.o
                0x000000008100c4d8                ethhandler
 .text          0x000000008100c650      0x7ac binaries/ethinit.o
                0x000000008100c650                eth_phy_read
                0x000000008100c6b4                eth_phy_write
                0x000000008100c6fc                eth_phy_reset
                0x000000008100c858                ethinit
 .text          0x000000008100cdfc       0xfc binaries/ethread.o
                0x000000008100cdfc                ethread
 .text          0x000000008100cef8      0x110 binaries/ethwrite.o
                0x000000008100cef8                ethwrite
 .text          0x000000008100d008       0x88 binaries/rdsbufalloc.o
                0x000000008100d008                rdsbufalloc
 .text          0x000000008100d090       0xd0 binaries/rdsclose.o
                0x000000008100d090                rdsclose
 .text          0x000000008100d160      0x1e4 binaries/rdscomm.o
                0x000000008100d160                rdscomm
 .text          0x000000008100d344      0x198 binaries/rdscontrol.o
                0x000000008100d344                rdscontrol
 .text          0x000000008100d4dc      0x1bc binaries/rdsinit.o
                0x000000008100d4dc                rdsinit
 .text          0x000000008100d698      0x18c binaries/rdsopen.o
                0x000000008100d698                rdsopen
 .text          0x000000008100d824      0x2cc binaries/rdsprocess.o
                0x000000008100d824                rdsprocess
 .text          0x000000008100daf0      0x218 binaries/rdsread.o
                0x000000008100daf0                rdsread
 .text          0x000000008100dd08      0x1bc binaries/rdswrite.o
                0x000000008100dd08                rdswrite
 .text          0x000000008100dec4        0x8 binaries/ramclose.o
                0x000000008100dec4                ramclose
 .text          0x000000008100decc       0x3c binaries/raminit.o
                0x000000008100decc                raminit
 .text          0x000000008100df08        0x8 binaries/ramopen.o
                0x000000008100df08                ramopen
 .text          0x000000008100df10       0x24 binaries/ramread.o
                0x000000008100df10                ramread
 .text          0x000000008100df34       0x20 binaries/ramwrite.o
                0x000000008100df34                ramwrite
 .text          0x000000008100df54       0x94 binaries/lfdballoc.o
                0x000000008100df54                lfdballoc
 .text          0x000000008100dfe8       0x4c binaries/lfdbfree.o
                0x000000008100dfe8                lfdbfree
 .text          0x000000008100e034       0xbc binaries/lfflush.o
                0x000000008100e034                lfflush
 .text          0x000000008100e0f0       0xc8 binaries/lfgetmode.o
                0x000000008100e0f0                lfgetmode
 .text          0x000000008100e1b8       0x6c binaries/lfiballoc.o
                0x000000008100e1b8                lfiballoc
 .text          0x000000008100e224       0x28 binaries/lfibclear.o
                0x000000008100e224                lfibclear
 .text          0x000000008100e24c       0x68 binaries/lfibget.o
                0x000000008100e24c                lfibget
 .text          0x000000008100e2b4       0x90 binaries/lfibput.o
                0x000000008100e2b4                lfibput
 .text          0x000000008100e344       0xbc binaries/lflclose.o
                0x000000008100e344                lflclose
 .text          0x000000008100e400       0xcc binaries/lflcontrol.o
                0x000000008100e400                lflcontrol
 .text          0x000000008100e4cc      0x10c binaries/lflgetc.o
                0x000000008100e4cc                lflgetc
 .text          0x000000008100e5d8       0xc4 binaries/lflinit.o
                0x000000008100e5d8                lflinit
 .text          0x000000008100e69c      0x154 binaries/lflputc.o
                0x000000008100e69c                lflputc
 .text          0x000000008100e7f0       0x70 binaries/lflread.o
                0x000000008100e7f0                lflread
 .text          0x000000008100e860       0xc4 binaries/lflseek.o
                0x000000008100e860                lflseek
 .text          0x000000008100e924       0x50 binaries/lflwrite.o
                0x000000008100e924                lflwrite
 .text          0x000000008100e974      0x11c binaries/lfsckfmt.o
                0x000000008100e974                lfsckfmt
 .text          0x000000008100ea90      0x15c binaries/lfscreate.o
                0x000000008100ea90                lfscreate
 .text          0x000000008100ebec      0x1f0 binaries/lfsetup.o
                0x000000008100ebec                lfsetup
 .text          0x000000008100eddc       0x44 binaries/lfsinit.o
                0x000000008100eddc                lfsinit
 .text          0x000000008100ee20      0x35c binaries/lfsopen.o
                0x000000008100ee20                lfsopen
 .text          0x000000008100f17c      0x110 binaries/lftruncate.o
                0x000000008100f17c                lftruncate
 .text          0x000000008100f28c       0x80 binaries/rflclose.o
                0x000000008100f28c                rflclose
 .text          0x000000008100f30c       0x28 binaries/rflgetc.o
                0x000000008100f30c                rflgetc
 .text          0x000000008100f334       0x74 binaries/rflinit.o
                0x000000008100f334                rflinit
 .text          0x000000008100f3a8       0x2c binaries/rflputc.o
                0x000000008100f3a8                rflputc
 .text          0x000000008100f3d4      0x2d4 binaries/rflread.o
                0x000000008100f3d4                rflread
 .text          0x000000008100f6a8       0x84 binaries/rflseek.o
                0x000000008100f6a8                rflseek
 .text          0x000000008100f72c      0x2f0 binaries/rflwrite.o
                0x000000008100f72c                rflwrite
 .text          0x000000008100fa1c      0x194 binaries/rfscomm.o
                0x000000008100fa1c                rfscomm
 .text          0x000000008100fbb0      0x228 binaries/rfscontrol.o
                0x000000008100fbb0                rfscontrol
 .text          0x000000008100fdd8       0xc8 binaries/rfsgetmode.o
                0x000000008100fdd8                rfsgetmode
 .text          0x000000008100fea0       0x84 binaries/rfsinit.o
                0x000000008100fea0                rfsinit
 .text          0x000000008100ff24       0x98 binaries/rfsndmsg.o
                0x000000008100ff24                rfsndmsg
 .text          0x000000008100ffbc      0x23c binaries/rfsopen.o
                0x000000008100ffbc                rfsopen
 .text          0x00000000810101f8      0x784 binaries/arp.o
                0x00000000810101f8                arp_init
                0x0000000081010218                arp_alloc
                0x00000000810102f0                arp_ntoh
                0x0000000081010394                arp_hton
                0x0000000081010438                arp_resolve
                0x00000000810106e0                arp_in
 .text          0x000000008101097c      0xd9c binaries/dhcp.o
                0x000000008101097c                dump_dhcp_msg
                0x0000000081010fa0                get_dhcp_option_value
                0x0000000081010ffc                build_dhcp_discover
                0x0000000081011128                build_dhcp_request
                0x00000000810112d4                getlocalip_boot
                0x00000000810116dc                getlocalip
 .text          0x0000000081011718      0x40c binaries/dns.o
                0x0000000081011718                dns_bldq
                0x00000000810117c4                dns_getrname
                0x0000000081011880                dns_geta
                0x00000000810119b0                dns_qa
 .text          0x0000000081011b24      0x10c binaries/dot2ip.o
                0x0000000081011b24                dot2ip
 .text          0x0000000081011c30      0x1d0 binaries/getutime.o
                0x0000000081011c30                getutime
 .text          0x0000000081011e00      0x328 binaries/hexdump.o
                0x0000000081011e00                hexdump
                0x0000000081011f4c                hexadump
 .text          0x0000000081012128      0x738 binaries/icmp.o
                0x0000000081012128                icmp_init
                0x000000008101214c                icmp_register
                0x0000000081012200                icmp_recv
                0x00000000810123a4                icmp_mkpkt
                0x0000000081012494                icmp_in
                0x0000000081012638                icmp_send
                0x00000000810126a8                icmp_release
                0x000000008101279c                icmp_cksum
                0x00000000810127f8                icmp_hton
                0x000000008101282c                icmp_ntoh
 .text          0x0000000081012860       0x38 binaries/ip2dot.o
                0x0000000081012860                ip2dot
 .text          0x0000000081012898      0x67c binaries/ip.o
                0x0000000081012898                ip_local
                0x00000000810128c8                ipcksum
                0x000000008101290c                ip_ntoh
                0x00000000810129b0                ip_in
                0x0000000081012ae0                ip_hton
                0x0000000081012b84                ip_out
                0x0000000081012c38                ip_send
                0x0000000081012d68                ipout
                0x0000000081012e78                ip_enqueue
 .text          0x0000000081012f14      0x1c4 binaries/net.o
                0x0000000081012f14                net_init
                0x000000008101300c                eth_hton
                0x0000000081013020                eth_ntoh
                0x0000000081013034                netin
 .text          0x00000000810130d8       0xf8 binaries/netstart.o
                0x00000000810130d8                netstart
 .text          0x00000000810131d0      0x9c4 binaries/pdump.o
                0x00000000810131d0                pdump
                0x0000000081013754                pdumph
 .text          0x0000000081013b94      0x594 binaries/tftp.o
                0x0000000081013b94                tftp_send1
                0x0000000081013c80                tftpget_mb
                0x00000000810140f0                tftpget
 .text          0x0000000081014128      0xa40 binaries/udp.o
                0x0000000081014128                udp_init
                0x0000000081014150                udp_in
                0x0000000081014288                udp_register
                0x0000000081014388                udp_recv
                0x000000008101452c                udp_recvaddr
                0x00000000810146ec                udp_send
                0x000000008101489c                udp_sendto
                0x0000000081014a10                udp_release
                0x0000000081014b00                udp_ntoh
                0x0000000081014b34                udp_hton
 .text          0x0000000081014b68      0x100 binaries/intr.o
                0x0000000081014b68                disable
                0x0000000081014b74                restore
                0x0000000081014b98                enable
                0x0000000081014ba0                pause
                0x0000000081014ba0                halt
                0x0000000081014ba8                irq_except
                0x0000000081014bd8                initevec
                0x0000000081014c38                expjmpinstr
 .text          0x0000000081014c68       0x2c binaries/ctxsw.o
                0x0000000081014c68                ctxsw
 .text          0x0000000081014c94      0x114 /usr/lib/gcc/arm-none-eabi/5.4.1/libgcc.a(_udivsi3.o)
                0x0000000081014c94                __udivsi3
                0x0000000081014c94                __aeabi_uidiv
                0x0000000081014d88                __aeabi_uidivmod
 .text          0x0000000081014da8      0x148 /usr/lib/gcc/arm-none-eabi/5.4.1/libgcc.a(_divsi3.o)
                0x0000000081014da8                __aeabi_idiv
                0x0000000081014da8                __divsi3
                0x0000000081014ed0                __aeabi_idivmod
 .text          0x0000000081014ef0        0x4 /usr/lib/gcc/arm-none-eabi/5.4.1/libgcc.a(_dvmd_tls.o)
                0x0000000081014ef0                __aeabi_ldiv0
                0x0000000081014ef0                __aeabi_idiv0
 *(.rodata .rodata.*)
 .rodata.str1.4
                0x0000000081014ef4       0x78 binaries/ascdate.o
 .rodata.str1.4
                0x0000000081014f6c       0x50 binaries/bs.o
 .rodata.str1.4
                0x0000000081014fbc       0xcb binaries/conf.o
 *fill*         0x0000000081015087        0x1 
 .rodata.str1.4
                0x0000000081015088      0x376 binaries/fs.o
                                        0x392 (size before relaxing)
 *fill*         0x00000000810153fe        0x2 
 .rodata.str1.4
                0x0000000081015400       0x7b binaries/future_set.o
 *fill*         0x000000008101547b        0x1 
 .rodata.str1.4
                0x000000008101547c      0x140 binaries/initialize.o
                                        0x144 (size before relaxing)
 .rodata.str1.4
                0x00000000810155bc       0x14 binaries/mmu.o
 .rodata.str1.4
                0x00000000810155d0       0x10 binaries/panic.o
 .rodata.str1.4
                0x00000000810155e0       0x1c binaries/ptinit.o
 .rodata.str1.4
                0x00000000810155fc       0x25 binaries/ptsend.o
 *fill*         0x0000000081015621        0x3 
 .rodata.str1.4
                0x0000000081015624       0x27 binaries/xdone.o
 *fill*         0x000000008101564b        0x1 
 .rodata.str1.4
                0x000000008101564c       0x42 binaries/main.o
 *fill*         0x000000008101568e        0x2 
 .rodata.str1.4
                0x0000000081015690       0x2f binaries/platinit.o
 *fill*         0x00000000810156bf        0x1 
 .rodata.str1.4
                0x00000000810156c0      0x13e binaries/xsh_arp.o
                                        0x142 (size before relaxing)
 *fill*         0x00000000810157fe        0x2 
 .rodata.str1.4
                0x0000000081015800      0x187 binaries/xsh_ipaddr.o
                                        0x1ab (size before relaxing)
 *fill*         0x0000000081015987        0x1 
 .rodata.str1.4
                0x0000000081015988      0x13f binaries/xsh_ping.o
                                        0x1b2 (size before relaxing)
 *fill*         0x0000000081015ac7        0x1 
 .rodata        0x0000000081015ac8        0xc binaries/xsh_udpdump.o
 .rodata.str1.4
                0x0000000081015ad4      0x146 binaries/xsh_udpdump.o
                                        0x1de (size before relaxing)
 *fill*         0x0000000081015c1a        0x2 
 .rodata.str1.4
                0x0000000081015c1c      0x1ae binaries/xsh_udpecho.o
                                        0x222 (size before relaxing)
 *fill*         0x0000000081015dca        0x2 
 .rodata.str1.4
                0x0000000081015dcc       0x97 binaries/xsh_udpeserver.o
                                        0x13b (size before relaxing)
 *fill*         0x0000000081015e63        0x1 
 .rodata        0x0000000081015e64       0x81 binaries/ctype_.o
                0x0000000081015e64                _ctype_
 *fill*         0x0000000081015ee5        0x3 
 .rodata.str1.4
                0x0000000081015ee8       0x2f binaries/doprnt.o
 .rodata.str1.4
                0x0000000081015f17       0x2d binaries/fdoprnt.o
 *fill*         0x0000000081015f17        0x1 
 .rodata        0x0000000081015f18       0xe4 binaries/shell.o
                0x0000000081015f18                cmdtab
 .rodata.str1.4
                0x0000000081015ffc      0x2e7 binaries/shell.o
                                        0x2ef (size before relaxing)
 *fill*         0x00000000810162e3        0x1 
 .rodata.str1.4
                0x00000000810162e4       0x29 binaries/xsh_argecho.o
                                         0x2e (size before relaxing)
 *fill*         0x000000008101630d        0x3 
 .rodata.str1.4
                0x0000000081016310       0x81 binaries/xsh_cat.o
                                         0xd1 (size before relaxing)
 *fill*         0x0000000081016391        0x3 
 .rodata.str1.4
                0x0000000081016394       0x15 binaries/xsh_clear.o
 *fill*         0x00000000810163a9        0x3 
 .rodata.str1.4
                0x00000000810163ac      0x123 binaries/xsh_date.o
                                        0x1cb (size before relaxing)
 *fill*         0x00000000810164cf        0x1 
 .rodata.str1.4
                0x00000000810164d0       0x61 binaries/xsh_devdump.o
 *fill*         0x0000000081016531        0x3 
 .rodata.str1.4
                0x0000000081016534        0x4 binaries/xsh_echo.o
                                          0xa (size before relaxing)
 .rodata.str1.4
                0x0000000081016538       0x99 binaries/xsh_fstest.o
                                        0x12d (size before relaxing)
 *fill*         0x00000000810165d1        0x3 
 .rodata.str1.4
                0x00000000810165d4      0x103 binaries/xsh_hello.o
                                        0x177 (size before relaxing)
 *fill*         0x00000000810166d7        0x1 
 .rodata.str1.4
                0x00000000810166d8       0xe7 binaries/xsh_help.o
                                        0x17a (size before relaxing)
 *fill*         0x00000000810167bf        0x1 
 .rodata.str1.4
                0x00000000810167c0       0xc8 binaries/xsh_kill.o
                                        0x136 (size before relaxing)
 .rodata.str1.4
                0x0000000081016888       0xf3 binaries/xsh_led.o
                                        0x16b (size before relaxing)
 *fill*         0x000000008101697b        0x1 
 .rodata.str1.4
                0x000000008101697c      0x1d2 binaries/xsh_memdump.o
                                        0x262 (size before relaxing)
 *fill*         0x0000000081016b4e        0x2 
 .rodata.str1.4
                0x0000000081016b50      0x1cc binaries/xsh_memstat.o
                                        0x232 (size before relaxing)
 .rodata.str1.4
                0x0000000081016d1c       0x33 binaries/xsh_mmu.o
 *fill*         0x0000000081016d4f        0x1 
 .rodata.str1.4
                0x0000000081016d50      0x125 binaries/xsh_prodcons.o
                                        0x181 (size before relaxing)
 *fill*         0x0000000081016e75        0x3 
 .rodata        0x0000000081016e78       0x20 binaries/xsh_ps.o
 .rodata.str1.4
                0x0000000081016e98       0xf6 binaries/xsh_ps.o
                                        0x1d2 (size before relaxing)
 *fill*         0x0000000081016f8e        0x2 
 .rodata.str1.4
                0x0000000081016f90       0x5e binaries/xsh_sleep.o
                                         0xf6 (size before relaxing)
 *fill*         0x0000000081016fee        0x2 
 .rodata.str1.4
                0x0000000081016ff0       0x77 binaries/xsh_uptime.o
                                        0x112 (size before relaxing)
 *fill*         0x0000000081017067        0x1 
 .rodata.str1.4
                0x0000000081017068        0xe binaries/consume.o
                                         0x12 (size before relaxing)
 *fill*         0x0000000081017076        0x2 
 .rodata.str1.4
                0x0000000081017078       0x42 binaries/future_cons.o
 *fill*         0x00000000810170ba        0x2 
 .rodata.str1.4
                0x00000000810170bc        0xe binaries/produce.o
                                         0x12 (size before relaxing)
 *fill*         0x00000000810170ca        0x2 
 .rodata.str1.4
                0x00000000810170cc       0x86 binaries/naminit.o
                                         0x8e (size before relaxing)
 *fill*         0x0000000081017152        0x2 
 .rodata.str1.4
                0x0000000081017154       0xe6 binaries/ethinit.o
 *fill*         0x000000008101723a        0x2 
 .rodata.str1.4
                0x000000008101723c       0x12 binaries/ethread.o
 *fill*         0x000000008101724e        0x2 
 .rodata.str1.4
                0x0000000081017250       0x2c binaries/rdsbufalloc.o
 .rodata.str1.4
                0x000000008101727c       0x76 binaries/rdscomm.o
 *fill*         0x00000000810172f2        0x2 
 .rodata.str1.4
                0x00000000810172f4       0x48 binaries/rdscontrol.o
 .rodata.str1.4
                0x000000008101733c       0x96 binaries/rdsinit.o
 *fill*         0x00000000810173d2        0x2 
 .rodata.str1.4
                0x00000000810173d4       0x22 binaries/rdsopen.o
 *fill*         0x00000000810173f6        0x2 
 .rodata.str1.4
                0x00000000810173f8       0x4d binaries/rdsprocess.o
 *fill*         0x0000000081017445        0x3 
 .rodata.str1.4
                0x0000000081017448        0x9 binaries/raminit.o
 *fill*         0x0000000081017451        0x3 
 .rodata.str1.4
                0x0000000081017454       0x37 binaries/lfdballoc.o
 *fill*         0x000000008101748b        0x1 
 .rodata.str1.4
                0x000000008101748c       0x14 binaries/lfiballoc.o
 .rodata.str1.4
                0x00000000810174a0       0x23 binaries/lflcontrol.o
 *fill*         0x00000000810174c3        0x1 
 .rodata.str1.4
                0x00000000810174c4       0xbb binaries/lfsckfmt.o
 *fill*         0x000000008101757f        0x1 
 .rodata.str1.4
                0x0000000081017580       0x21 binaries/rflread.o
 .rodata.str1.4
                0x00000000810175a1       0x21 binaries/rflwrite.o
 *fill*         0x00000000810175a1        0x3 
 .rodata.str1.4
                0x00000000810175a4       0x75 binaries/rfscomm.o
 *fill*         0x0000000081017619        0x3 
 .rodata.str1.4
                0x000000008101761c       0x23 binaries/rfscontrol.o
 *fill*         0x000000008101763f        0x1 
 .rodata.str1.4
                0x0000000081017640       0x63 binaries/rfsinit.o
 *fill*         0x00000000810176a3        0x1 
 .rodata.str1.4
                0x00000000810176a4       0x2a binaries/rfsndmsg.o
 .rodata.str1.4
                0x00000000810176ce       0x22 binaries/rfsopen.o
 *fill*         0x00000000810176ce        0x2 
 .rodata.str1.4
                0x00000000810176d0       0x3d binaries/arp.o
 *fill*         0x000000008101770d        0x3 
 .rodata.str1.4
                0x0000000081017710      0x45e binaries/dhcp.o
                                        0x466 (size before relaxing)
 *fill*         0x0000000081017b6e        0x2 
 .rodata.str1.4
                0x0000000081017b70       0x60 binaries/getutime.o
 .rodata.str1.4
                0x0000000081017bd0       0xca binaries/hexdump.o
                                         0xd6 (size before relaxing)
 *fill*         0x0000000081017c9a        0x2 
 .rodata.str1.4
                0x0000000081017c9c       0x29 binaries/icmp.o
 .rodata.str1.4
                0x0000000081017cc5        0xc binaries/ip2dot.o
 *fill*         0x0000000081017cc5        0x3 
 .rodata.str1.4
                0x0000000081017cc8       0x52 binaries/ip.o
 *fill*         0x0000000081017d1a        0x2 
 .rodata.str1.4
                0x0000000081017d1c       0x53 binaries/net.o
 *fill*         0x0000000081017d6f        0x1 
 .rodata.str1.4
                0x0000000081017d70       0x8f binaries/netstart.o
 *fill*         0x0000000081017dff        0x1 
 .rodata.str1.4
                0x0000000081017e00      0x292 binaries/pdump.o
                                        0x296 (size before relaxing)
 *fill*         0x0000000081018092        0x2 
 .rodata.str1.4
                0x0000000081018094      0x174 binaries/tftp.o
                                        0x17c (size before relaxing)
                0x0000000081018208                etext = ABSOLUTE (.)
                0x0000000081019000                . = ALIGN (0x1000)
 *fill*         0x0000000081018208      0xdf8 

.glue_7         0x0000000081019000        0x0
 .glue_7        0x0000000081019000        0x0 linker stubs

.glue_7t        0x0000000081019000        0x0
 .glue_7t       0x0000000081019000        0x0 linker stubs

.vfp11_veneer   0x0000000081019000        0x0
 .vfp11_veneer  0x0000000081019000        0x0 linker stubs

.v4_bx          0x0000000081019000        0x0
 .v4_bx         0x0000000081019000        0x0 linker stubs

.iplt           0x0000000081019000        0x0
 .iplt          0x0000000081019000        0x0 binaries/start.o

.rel.dyn        0x0000000081019000        0x0
 .rel.iplt      0x0000000081019000        0x0 binaries/start.o

.data           0x0000000081019000     0x1000
                0x0000000081019000                data = ABSOLUTE (.)
 *(.data .data.*)
 .data          0x0000000081019000        0x0 binaries/start.o
 .data          0x0000000081019000       0x88 binaries/ascdate.o
                0x0000000081019000                Date
 .data          0x0000000081019088        0x0 binaries/bs.o
 .data          0x0000000081019088        0x0 binaries/bufinit.o
 .data          0x0000000081019088        0x0 binaries/chprio.o
 .data          0x0000000081019088        0x0 binaries/close.o
 .data          0x0000000081019088      0x5a0 binaries/conf.o
                0x0000000081019088                devtab
 .data          0x0000000081019628        0x0 binaries/control.o
 .data          0x0000000081019628        0x4 binaries/create.o
 .data          0x000000008101962c       0x3d binaries/evec.o
                0x000000008101962c                expmsg2
                0x0000000081019640                expmsg1
 .data          0x0000000081019669        0x0 binaries/exit.o
 .data          0x0000000081019669        0x0 binaries/f_queue.o
 .data          0x0000000081019669        0x0 binaries/freebuf.o
 .data          0x0000000081019669        0x0 binaries/freemem.o
 .data          0x0000000081019669        0x0 binaries/fs.o
 .data          0x0000000081019669        0x0 binaries/future_alloc.o
 .data          0x0000000081019669        0x0 binaries/future_free.o
 .data          0x0000000081019669        0x0 binaries/future_get.o
 .data          0x0000000081019669        0x0 binaries/future_set.o
 .data          0x0000000081019669        0x0 binaries/getbuf.o
 .data          0x0000000081019669        0x0 binaries/getc.o
 .data          0x0000000081019669        0x0 binaries/getdev.o
 .data          0x0000000081019669        0x0 binaries/getitem.o
 .data          0x0000000081019669        0x0 binaries/getmem.o
 .data          0x0000000081019669        0x0 binaries/getpid.o
 .data          0x0000000081019669        0x0 binaries/getprio.o
 .data          0x0000000081019669        0x0 binaries/getstk.o
 .data          0x0000000081019669        0x0 binaries/init.o
 .data          0x0000000081019669        0x0 binaries/initialize.o
 .data          0x0000000081019669        0x0 binaries/insert.o
 .data          0x0000000081019669        0x0 binaries/insertd.o
 .data          0x0000000081019669        0x0 binaries/ioerr.o
 .data          0x0000000081019669        0x0 binaries/ionull.o
 .data          0x0000000081019669        0x0 binaries/kill.o
 .data          0x0000000081019669        0x0 binaries/mark.o
 .data          0x0000000081019669        0x0 binaries/meminit.o
 .data          0x0000000081019669        0x0 binaries/mkbufpool.o
 .data          0x0000000081019669        0x0 binaries/mmu.o
 *fill*         0x0000000081019669        0x1 
 .data          0x000000008101966a        0x2 binaries/newqueue.o
 .data          0x000000008101966c        0x0 binaries/open.o
 .data          0x000000008101966c        0x0 binaries/panic.o
 .data          0x000000008101966c        0x0 binaries/ptclear.o
 .data          0x000000008101966c        0x0 binaries/ptcount.o
 .data          0x000000008101966c        0x0 binaries/ptcreate.o
 .data          0x000000008101966c        0x0 binaries/ptdelete.o
 .data          0x000000008101966c        0x0 binaries/ptinit.o
 .data          0x000000008101966c        0x0 binaries/ptrecv.o
 .data          0x000000008101966c        0x0 binaries/ptreset.o
 .data          0x000000008101966c        0x0 binaries/ptsend.o
 .data          0x000000008101966c        0x0 binaries/putc.o
 .data          0x000000008101966c        0x0 binaries/queue.o
 .data          0x000000008101966c        0x0 binaries/read.o
 .data          0x000000008101966c        0x0 binaries/ready.o
 .data          0x000000008101966c        0x0 binaries/receive.o
 .data          0x000000008101966c        0x0 binaries/recvclr.o
 .data          0x000000008101966c        0x0 binaries/recvtime.o
 .data          0x000000008101966c        0x0 binaries/resched.o
 .data          0x000000008101966c        0x0 binaries/resume.o
 .data          0x000000008101966c        0x0 binaries/seek.o
 .data          0x000000008101966c        0x0 binaries/semcount.o
 .data          0x000000008101966c        0x0 binaries/semcreate.o
 .data          0x000000008101966c        0x0 binaries/semdelete.o
 .data          0x000000008101966c        0x0 binaries/semreset.o
 .data          0x000000008101966c        0x0 binaries/send.o
 .data          0x000000008101966c        0x0 binaries/signal.o
 .data          0x000000008101966c        0x0 binaries/signaln.o
 .data          0x000000008101966c        0x0 binaries/sleep.o
 .data          0x000000008101966c        0x0 binaries/suspend.o
 .data          0x000000008101966c        0x0 binaries/unsleep.o
 .data          0x000000008101966c        0x0 binaries/userret.o
 .data          0x000000008101966c        0x0 binaries/wait.o
 .data          0x000000008101966c        0x0 binaries/wakeup.o
 .data          0x000000008101966c        0x0 binaries/write.o
 .data          0x000000008101966c        0x0 binaries/xdone.o
 .data          0x000000008101966c        0x0 binaries/yield.o
 .data          0x000000008101966c        0x4 binaries/clkhandler.o
 .data          0x0000000081019670        0x0 binaries/clkinit.o
 .data          0x0000000081019670        0x0 binaries/gettime.o
 .data          0x0000000081019670        0x0 binaries/kprintf.o
 .data          0x0000000081019670        0x4 binaries/main.o
                0x0000000081019670                gcounter
 .data          0x0000000081019674        0x0 binaries/platinit.o
 .data          0x0000000081019674        0x0 binaries/xsh_arp.o
 .data          0x0000000081019674        0x0 binaries/xsh_ipaddr.o
 .data          0x0000000081019674        0x0 binaries/xsh_ping.o
 .data          0x0000000081019674        0x0 binaries/xsh_udpdump.o
 .data          0x0000000081019674        0x0 binaries/xsh_udpecho.o
 .data          0x0000000081019674        0x0 binaries/xsh_udpeserver.o
 .data          0x0000000081019674        0x0 binaries/abs.o
 .data          0x0000000081019674        0x0 binaries/atoi.o
 .data          0x0000000081019674        0x0 binaries/atol.o
 .data          0x0000000081019674        0x0 binaries/bzero.o
 .data          0x0000000081019674        0x0 binaries/ctype_.o
 .data          0x0000000081019674        0x0 binaries/doprnt.o
 .data          0x0000000081019674       0x80 binaries/doscan.o
                0x0000000081019674                _sctab
 .data          0x00000000810196f4        0x0 binaries/fdoprnt.o
 .data          0x00000000810196f4        0x0 binaries/fgetc.o
 .data          0x00000000810196f4        0x0 binaries/fgets.o
 .data          0x00000000810196f4        0x0 binaries/fprintf.o
 .data          0x00000000810196f4        0x0 binaries/fputc.o
 .data          0x00000000810196f4        0x0 binaries/fputs.o
 .data          0x00000000810196f4        0x0 binaries/fscanf.o
 .data          0x00000000810196f4        0x0 binaries/getchar.o
 .data          0x00000000810196f4        0x0 binaries/labs.o
 .data          0x00000000810196f4        0x0 binaries/memchr.o
 .data          0x00000000810196f4        0x0 binaries/memcmp.o
 .data          0x00000000810196f4        0x0 binaries/memcpy.o
 .data          0x00000000810196f4        0x0 binaries/memset.o
 .data          0x00000000810196f4        0x0 binaries/printf.o
 .data          0x00000000810196f4        0x0 binaries/putchar.o
 .data          0x00000000810196f4        0x0 binaries/qsort.o
 .data          0x00000000810196f4        0x4 binaries/rand.o
 .data          0x00000000810196f8        0x0 binaries/sprintf.o
 .data          0x00000000810196f8        0x0 binaries/sscanf.o
 .data          0x00000000810196f8        0x0 binaries/strchr.o
 .data          0x00000000810196f8        0x0 binaries/strcmp.o
 .data          0x00000000810196f8        0x0 binaries/strcpy.o
 .data          0x00000000810196f8        0x0 binaries/strlen.o
 .data          0x00000000810196f8        0x0 binaries/strncat.o
 .data          0x00000000810196f8        0x0 binaries/strncmp.o
 .data          0x00000000810196f8        0x0 binaries/strncpy.o
 .data          0x00000000810196f8        0x0 binaries/strnlen.o
 .data          0x00000000810196f8        0x0 binaries/strrchr.o
 .data          0x00000000810196f8        0x0 binaries/strstr.o
 .data          0x00000000810196f8        0x0 binaries/addargs.o
 .data          0x00000000810196f8        0x0 binaries/lexan.o
 .data          0x00000000810196f8        0x4 binaries/shell.o
                0x00000000810196f8                ncmd
 .data          0x00000000810196fc        0x0 binaries/xsh_argecho.o
 .data          0x00000000810196fc        0x0 binaries/xsh_cat.o
 .data          0x00000000810196fc        0x0 binaries/xsh_clear.o
 .data          0x00000000810196fc        0x0 binaries/xsh_date.o
 .data          0x00000000810196fc        0x0 binaries/xsh_devdump.o
 .data          0x00000000810196fc        0x0 binaries/xsh_echo.o
 .data          0x00000000810196fc        0x0 binaries/xsh_exit.o
 .data          0x00000000810196fc        0x0 binaries/xsh_fstest.o
 .data          0x00000000810196fc        0x0 binaries/xsh_hello.o
 .data          0x00000000810196fc        0x0 binaries/xsh_help.o
 .data          0x00000000810196fc        0x0 binaries/xsh_kill.o
 .data          0x00000000810196fc        0x0 binaries/xsh_led.o
 .data          0x00000000810196fc        0x0 binaries/xsh_memdump.o
 .data          0x00000000810196fc        0x0 binaries/xsh_memstat.o
 .data          0x00000000810196fc        0x0 binaries/xsh_mmu.o
 .data          0x00000000810196fc        0x0 binaries/xsh_prodcons.o
 .data          0x00000000810196fc        0x0 binaries/xsh_ps.o
 .data          0x00000000810196fc        0x0 binaries/xsh_sleep.o
 .data          0x00000000810196fc        0x0 binaries/xsh_uptime.o
 .data          0x00000000810196fc        0x0 binaries/consume.o
 .data          0x00000000810196fc        0x0 binaries/future_cons.o
 .data          0x00000000810196fc        0x0 binaries/future_prod.o
 .data          0x00000000810196fc        0x0 binaries/produce.o
 .data          0x00000000810196fc        0x0 binaries/ttycontrol.o
 .data          0x00000000810196fc        0x0 binaries/ttygetc.o
 .data          0x00000000810196fc        0x0 binaries/ttyhandle_in.o
 .data          0x00000000810196fc        0x0 binaries/ttyhandle_out.o
 .data          0x00000000810196fc        0x0 binaries/ttyhandler.o
 .data          0x00000000810196fc        0x0 binaries/ttyinit.o
 .data          0x00000000810196fc        0x0 binaries/ttykickout.o
 .data          0x00000000810196fc        0x0 binaries/ttyputc.o
 .data          0x00000000810196fc        0x0 binaries/ttyread.o
 .data          0x00000000810196fc        0x0 binaries/ttywrite.o
 .data          0x00000000810196fc        0x0 binaries/mount.o
 .data          0x00000000810196fc        0x0 binaries/naminit.o
 .data          0x00000000810196fc        0x0 binaries/nammap.o
 .data          0x00000000810196fc        0x0 binaries/namopen.o
 .data          0x00000000810196fc        0x0 binaries/colon2mac.o
 .data          0x00000000810196fc        0x0 binaries/ethcontrol.o
 .data          0x00000000810196fc        0x0 binaries/ethhandler.o
 .data          0x00000000810196fc        0x0 binaries/ethinit.o
 .data          0x00000000810196fc        0x0 binaries/ethread.o
 .data          0x00000000810196fc        0x0 binaries/ethwrite.o
 .data          0x00000000810196fc        0x0 binaries/rdsbufalloc.o
 .data          0x00000000810196fc        0x0 binaries/rdsclose.o
 .data          0x00000000810196fc        0x0 binaries/rdscomm.o
 .data          0x00000000810196fc        0x0 binaries/rdscontrol.o
 .data          0x00000000810196fc        0x0 binaries/rdsinit.o
 .data          0x00000000810196fc        0x0 binaries/rdsopen.o
 .data          0x00000000810196fc        0x0 binaries/rdsprocess.o
 .data          0x00000000810196fc        0x0 binaries/rdsread.o
 .data          0x00000000810196fc        0x0 binaries/rdswrite.o
 .data          0x00000000810196fc        0x0 binaries/ramclose.o
 .data          0x00000000810196fc        0x0 binaries/raminit.o
 .data          0x00000000810196fc        0x0 binaries/ramopen.o
 .data          0x00000000810196fc        0x0 binaries/ramread.o
 .data          0x00000000810196fc        0x0 binaries/ramwrite.o
 .data          0x00000000810196fc        0x0 binaries/lfdballoc.o
 .data          0x00000000810196fc        0x0 binaries/lfdbfree.o
 .data          0x00000000810196fc        0x0 binaries/lfflush.o
 .data          0x00000000810196fc        0x0 binaries/lfgetmode.o
 .data          0x00000000810196fc        0x0 binaries/lfiballoc.o
 .data          0x00000000810196fc        0x0 binaries/lfibclear.o
 .data          0x00000000810196fc        0x0 binaries/lfibget.o
 .data          0x00000000810196fc        0x0 binaries/lfibput.o
 .data          0x00000000810196fc        0x0 binaries/lflclose.o
 .data          0x00000000810196fc        0x0 binaries/lflcontrol.o
 .data          0x00000000810196fc        0x0 binaries/lflgetc.o
 .data          0x00000000810196fc        0x0 binaries/lflinit.o
 .data          0x00000000810196fc        0x0 binaries/lflputc.o
 .data          0x00000000810196fc        0x0 binaries/lflread.o
 .data          0x00000000810196fc        0x0 binaries/lflseek.o
 .data          0x00000000810196fc        0x0 binaries/lflwrite.o
 .data          0x00000000810196fc        0x0 binaries/lfsckfmt.o
 .data          0x00000000810196fc        0x0 binaries/lfscreate.o
 .data          0x00000000810196fc        0x0 binaries/lfsetup.o
 .data          0x00000000810196fc        0x0 binaries/lfsinit.o
 .data          0x00000000810196fc        0x0 binaries/lfsopen.o
 .data          0x00000000810196fc        0x0 binaries/lftruncate.o
 .data          0x00000000810196fc        0x0 binaries/rflclose.o
 .data          0x00000000810196fc        0x0 binaries/rflgetc.o
 .data          0x00000000810196fc        0x0 binaries/rflinit.o
 .data          0x00000000810196fc        0x0 binaries/rflputc.o
 .data          0x00000000810196fc        0x0 binaries/rflread.o
 .data          0x00000000810196fc        0x0 binaries/rflseek.o
 .data          0x00000000810196fc        0x0 binaries/rflwrite.o
 .data          0x00000000810196fc        0x0 binaries/rfscomm.o
 .data          0x00000000810196fc        0x0 binaries/rfscontrol.o
 .data          0x00000000810196fc        0x0 binaries/rfsgetmode.o
 .data          0x00000000810196fc        0x0 binaries/rfsinit.o
 .data          0x00000000810196fc        0x0 binaries/rfsndmsg.o
 .data          0x00000000810196fc        0x0 binaries/rfsopen.o
 .data          0x00000000810196fc        0x0 binaries/arp.o
 .data          0x00000000810196fc        0x0 binaries/dhcp.o
 .data          0x00000000810196fc        0x0 binaries/dns.o
 .data          0x00000000810196fc        0x0 binaries/dot2ip.o
 .data          0x00000000810196fc        0x0 binaries/getutime.o
 .data          0x00000000810196fc        0x0 binaries/hexdump.o
 .data          0x00000000810196fc        0x4 binaries/icmp.o
 .data          0x0000000081019700        0x0 binaries/ip2dot.o
 .data          0x0000000081019700        0x0 binaries/ip.o
 .data          0x0000000081019700        0x0 binaries/net.o
 .data          0x0000000081019700        0x0 binaries/netstart.o
 .data          0x0000000081019700        0x0 binaries/pdump.o
 .data          0x0000000081019700        0x0 binaries/tftp.o
 .data          0x0000000081019700        0x4 binaries/udp.o
 .data          0x0000000081019704        0x0 binaries/intr.o
 .data          0x0000000081019704        0x0 binaries/ctxsw.o
 .data          0x0000000081019704        0x0 /usr/lib/gcc/arm-none-eabi/5.4.1/libgcc.a(_udivsi3.o)
 .data          0x0000000081019704        0x0 /usr/lib/gcc/arm-none-eabi/5.4.1/libgcc.a(_divsi3.o)
 .data          0x0000000081019704        0x0 /usr/lib/gcc/arm-none-eabi/5.4.1/libgcc.a(_dvmd_tls.o)
                0x0000000081019704                edata = ABSOLUTE (.)
                0x000000008101a000                . = ALIGN (0x1000)
 *fill*         0x0000000081019704      0x8fc 

.igot.plt       0x000000008101a000        0x0
 .igot.plt      0x000000008101a000        0x0 binaries/start.o

.bss            0x000000008101c000   0x1b2000
                0x000000008101c000                bss = ABSOLUTE (.)
 *(.bss .bss.*)
 .bss           0x000000008101c000        0x0 binaries/start.o
 .bss           0x000000008101c000        0x0 binaries/ascdate.o
 .bss           0x000000008101c000        0x4 binaries/bs.o
                0x000000008101c000                dev0
 .bss           0x000000008101c004        0x0 binaries/bufinit.o
 .bss           0x000000008101c004        0x0 binaries/chprio.o
 .bss           0x000000008101c004        0x0 binaries/close.o
 .bss           0x000000008101c004        0x0 binaries/conf.o
 .bss           0x000000008101c004        0x0 binaries/control.o
 .bss           0x000000008101c004        0x0 binaries/create.o
 .bss           0x000000008101c004        0x0 binaries/evec.o
 .bss           0x000000008101c004        0x0 binaries/exit.o
 .bss           0x000000008101c004        0x0 binaries/f_queue.o
 .bss           0x000000008101c004        0x0 binaries/freebuf.o
 .bss           0x000000008101c004        0x0 binaries/freemem.o
 .bss           0x000000008101c004      0x260 binaries/fs.o
                0x000000008101c260                next_open_fd
 .bss           0x000000008101c264        0x0 binaries/future_alloc.o
 .bss           0x000000008101c264        0x0 binaries/future_free.o
 .bss           0x000000008101c264        0x0 binaries/future_get.o
 .bss           0x000000008101c264        0x0 binaries/future_set.o
 .bss           0x000000008101c264        0x0 binaries/getbuf.o
 .bss           0x000000008101c264        0x0 binaries/getc.o
 .bss           0x000000008101c264        0x0 binaries/getdev.o
 .bss           0x000000008101c264        0x0 binaries/getitem.o
 .bss           0x000000008101c264        0x0 binaries/getmem.o
 .bss           0x000000008101c264        0x0 binaries/getpid.o
 .bss           0x000000008101c264        0x0 binaries/getprio.o
 .bss           0x000000008101c264        0x0 binaries/getstk.o
 .bss           0x000000008101c264        0x0 binaries/init.o
 .bss           0x000000008101c264        0x0 binaries/initialize.o
 .bss           0x000000008101c264        0x0 binaries/insert.o
 .bss           0x000000008101c264        0x0 binaries/insertd.o
 .bss           0x000000008101c264        0x0 binaries/ioerr.o
 .bss           0x000000008101c264        0x0 binaries/ionull.o
 .bss           0x000000008101c264        0x0 binaries/kill.o
 .bss           0x000000008101c264        0x0 binaries/mark.o
 .bss           0x000000008101c264        0x0 binaries/meminit.o
 .bss           0x000000008101c264        0x0 binaries/mkbufpool.o
 .bss           0x000000008101c264        0x0 binaries/mmu.o
 .bss           0x000000008101c264        0x0 binaries/newqueue.o
 .bss           0x000000008101c264        0x0 binaries/open.o
 .bss           0x000000008101c264        0x0 binaries/panic.o
 .bss           0x000000008101c264        0x0 binaries/ptclear.o
 .bss           0x000000008101c264        0x0 binaries/ptcount.o
 .bss           0x000000008101c264        0x0 binaries/ptcreate.o
 .bss           0x000000008101c264        0x0 binaries/ptdelete.o
 .bss           0x000000008101c264        0x0 binaries/ptinit.o
 .bss           0x000000008101c264        0x0 binaries/ptrecv.o
 .bss           0x000000008101c264        0x0 binaries/ptreset.o
 .bss           0x000000008101c264        0x0 binaries/ptsend.o
 .bss           0x000000008101c264        0x0 binaries/putc.o
 .bss           0x000000008101c264        0x0 binaries/queue.o
 .bss           0x000000008101c264        0x0 binaries/read.o
 .bss           0x000000008101c264        0x0 binaries/ready.o
 .bss           0x000000008101c264        0x0 binaries/receive.o
 .bss           0x000000008101c264        0x0 binaries/recvclr.o
 .bss           0x000000008101c264        0x0 binaries/recvtime.o
 .bss           0x000000008101c264        0x0 binaries/resched.o
 .bss           0x000000008101c264        0x0 binaries/resume.o
 .bss           0x000000008101c264        0x0 binaries/seek.o
 .bss           0x000000008101c264        0x0 binaries/semcount.o
 .bss           0x000000008101c264        0x4 binaries/semcreate.o
 .bss           0x000000008101c268        0x0 binaries/semdelete.o
 .bss           0x000000008101c268        0x0 binaries/semreset.o
 .bss           0x000000008101c268        0x0 binaries/send.o
 .bss           0x000000008101c268        0x0 binaries/signal.o
 .bss           0x000000008101c268        0x0 binaries/signaln.o
 .bss           0x000000008101c268        0x0 binaries/sleep.o
 .bss           0x000000008101c268        0x0 binaries/suspend.o
 .bss           0x000000008101c268        0x0 binaries/unsleep.o
 .bss           0x000000008101c268        0x0 binaries/userret.o
 .bss           0x000000008101c268        0x0 binaries/wait.o
 .bss           0x000000008101c268        0x0 binaries/wakeup.o
 .bss           0x000000008101c268        0x0 binaries/write.o
 .bss           0x000000008101c268        0x0 binaries/xdone.o
 .bss           0x000000008101c268        0x0 binaries/yield.o
 .bss           0x000000008101c268        0x0 binaries/clkhandler.o
 .bss           0x000000008101c268        0x4 binaries/clkinit.o
                0x000000008101c268                ctr1000
 .bss           0x000000008101c26c        0x0 binaries/gettime.o
 .bss           0x000000008101c26c        0x0 binaries/kprintf.o
 .bss           0x000000008101c26c        0x0 binaries/main.o
 .bss           0x000000008101c26c        0x0 binaries/platinit.o
 .bss           0x000000008101c26c        0x0 binaries/xsh_arp.o
 .bss           0x000000008101c26c        0x0 binaries/xsh_ipaddr.o
 .bss           0x000000008101c26c        0x4 binaries/xsh_ping.o
 .bss           0x000000008101c270        0x0 binaries/xsh_udpdump.o
 .bss           0x000000008101c270        0x0 binaries/xsh_udpecho.o
 .bss           0x000000008101c270        0x0 binaries/xsh_udpeserver.o
 .bss           0x000000008101c270        0x0 binaries/abs.o
 .bss           0x000000008101c270        0x0 binaries/atoi.o
 .bss           0x000000008101c270        0x0 binaries/atol.o
 .bss           0x000000008101c270        0x0 binaries/bzero.o
 .bss           0x000000008101c270        0x0 binaries/ctype_.o
 .bss           0x000000008101c270        0x0 binaries/doprnt.o
 .bss           0x000000008101c270        0x0 binaries/doscan.o
 .bss           0x000000008101c270        0x0 binaries/fdoprnt.o
 .bss           0x000000008101c270        0x0 binaries/fgetc.o
 .bss           0x000000008101c270        0x0 binaries/fgets.o
 .bss           0x000000008101c270        0x0 binaries/fprintf.o
 .bss           0x000000008101c270        0x0 binaries/fputc.o
 .bss           0x000000008101c270        0x0 binaries/fputs.o
 .bss           0x000000008101c270        0x0 binaries/fscanf.o
 .bss           0x000000008101c270        0x0 binaries/getchar.o
 .bss           0x000000008101c270        0x0 binaries/labs.o
 .bss           0x000000008101c270        0x0 binaries/memchr.o
 .bss           0x000000008101c270        0x0 binaries/memcmp.o
 .bss           0x000000008101c270        0x0 binaries/memcpy.o
 .bss           0x000000008101c270        0x0 binaries/memset.o
 .bss           0x000000008101c270        0x0 binaries/printf.o
 .bss           0x000000008101c270        0x0 binaries/putchar.o
 .bss           0x000000008101c270        0x8 binaries/qsort.o
 .bss           0x000000008101c278        0x0 binaries/rand.o
 .bss           0x000000008101c278        0x0 binaries/sprintf.o
 .bss           0x000000008101c278        0x0 binaries/sscanf.o
 .bss           0x000000008101c278        0x0 binaries/strchr.o
 .bss           0x000000008101c278        0x0 binaries/strcmp.o
 .bss           0x000000008101c278        0x0 binaries/strcpy.o
 .bss           0x000000008101c278        0x0 binaries/strlen.o
 .bss           0x000000008101c278        0x0 binaries/strncat.o
 .bss           0x000000008101c278        0x0 binaries/strncmp.o
 .bss           0x000000008101c278        0x0 binaries/strncpy.o
 .bss           0x000000008101c278        0x0 binaries/strnlen.o
 .bss           0x000000008101c278        0x0 binaries/strrchr.o
 .bss           0x000000008101c278        0x0 binaries/strstr.o
 .bss           0x000000008101c278        0x0 binaries/addargs.o
 .bss           0x000000008101c278        0x0 binaries/lexan.o
 .bss           0x000000008101c278        0x0 binaries/shell.o
 .bss           0x000000008101c278        0x0 binaries/xsh_argecho.o
 .bss           0x000000008101c278        0x0 binaries/xsh_cat.o
 .bss           0x000000008101c278        0x0 binaries/xsh_clear.o
 .bss           0x000000008101c278        0x0 binaries/xsh_date.o
 .bss           0x000000008101c278        0x0 binaries/xsh_devdump.o
 .bss           0x000000008101c278        0x0 binaries/xsh_echo.o
 .bss           0x000000008101c278        0x0 binaries/xsh_exit.o
 .bss           0x000000008101c278        0x0 binaries/xsh_fstest.o
 .bss           0x000000008101c278        0x0 binaries/xsh_hello.o
 .bss           0x000000008101c278        0x0 binaries/xsh_help.o
 .bss           0x000000008101c278        0x0 binaries/xsh_kill.o
 .bss           0x000000008101c278        0x0 binaries/xsh_led.o
 .bss           0x000000008101c278        0x0 binaries/xsh_memdump.o
 .bss           0x000000008101c278        0x0 binaries/xsh_memstat.o
 .bss           0x000000008101c278        0x0 binaries/xsh_mmu.o
 .bss           0x000000008101c278        0x4 binaries/xsh_prodcons.o
                0x000000008101c278                n
 .bss           0x000000008101c27c        0x0 binaries/xsh_ps.o
 .bss           0x000000008101c27c        0x0 binaries/xsh_sleep.o
 .bss           0x000000008101c27c        0x0 binaries/xsh_uptime.o
 .bss           0x000000008101c27c        0x0 binaries/consume.o
 .bss           0x000000008101c27c        0x0 binaries/future_cons.o
 .bss           0x000000008101c27c        0x0 binaries/future_prod.o
 .bss           0x000000008101c27c        0x0 binaries/produce.o
 .bss           0x000000008101c27c        0x0 binaries/ttycontrol.o
 .bss           0x000000008101c27c        0x0 binaries/ttygetc.o
 .bss           0x000000008101c27c        0x0 binaries/ttyhandle_in.o
 .bss           0x000000008101c27c        0x0 binaries/ttyhandle_out.o
 .bss           0x000000008101c27c        0x0 binaries/ttyhandler.o
 .bss           0x000000008101c27c        0x0 binaries/ttyinit.o
 .bss           0x000000008101c27c        0x0 binaries/ttykickout.o
 .bss           0x000000008101c27c        0x0 binaries/ttyputc.o
 .bss           0x000000008101c27c        0x0 binaries/ttyread.o
 .bss           0x000000008101c27c        0x0 binaries/ttywrite.o
 .bss           0x000000008101c27c        0x0 binaries/mount.o
 .bss           0x000000008101c27c        0x0 binaries/naminit.o
 .bss           0x000000008101c27c        0x0 binaries/nammap.o
 .bss           0x000000008101c27c        0x0 binaries/namopen.o
 .bss           0x000000008101c27c        0x0 binaries/colon2mac.o
 .bss           0x000000008101c27c        0x0 binaries/ethcontrol.o
 .bss           0x000000008101c27c        0x0 binaries/ethhandler.o
 .bss           0x000000008101c27c        0x0 binaries/ethinit.o
 .bss           0x000000008101c27c        0x0 binaries/ethread.o
 .bss           0x000000008101c27c        0x0 binaries/ethwrite.o
 .bss           0x000000008101c27c        0x0 binaries/rdsbufalloc.o
 .bss           0x000000008101c27c        0x0 binaries/rdsclose.o
 .bss           0x000000008101c27c        0x0 binaries/rdscomm.o
 .bss           0x000000008101c27c        0x0 binaries/rdscontrol.o
 .bss           0x000000008101c27c        0x0 binaries/rdsinit.o
 .bss           0x000000008101c27c        0x0 binaries/rdsopen.o
 .bss           0x000000008101c27c        0x0 binaries/rdsprocess.o
 .bss           0x000000008101c27c        0x0 binaries/rdsread.o
 .bss           0x000000008101c27c        0x0 binaries/rdswrite.o
[...]
 .ARM.attributes
                0x000000000000259e       0x35 binaries/ramwrite.o
 .ARM.attributes
                0x00000000000025d3       0x35 binaries/lfdballoc.o
 .ARM.attributes
                0x0000000000002608       0x35 binaries/lfdbfree.o
 .ARM.attributes
                0x000000000000263d       0x35 binaries/lfflush.o
 .ARM.attributes
                0x0000000000002672       0x35 binaries/lfgetmode.o
 .ARM.attributes
                0x00000000000026a7       0x35 binaries/lfiballoc.o
 .ARM.attributes
                0x00000000000026dc       0x35 binaries/lfibclear.o
 .ARM.attributes
                0x0000000000002711       0x35 binaries/lfibget.o
 .ARM.attributes
                0x0000000000002746       0x35 binaries/lfibput.o
 .ARM.attributes
                0x000000000000277b       0x35 binaries/lflclose.o
 .ARM.attributes
                0x00000000000027b0       0x35 binaries/lflcontrol.o
 .ARM.attributes
                0x00000000000027e5       0x35 binaries/lflgetc.o
 .ARM.attributes
                0x000000000000281a       0x35 binaries/lflinit.o
 .ARM.attributes
                0x000000000000284f       0x35 binaries/lflputc.o
 .ARM.attributes
                0x0000000000002884       0x35 binaries/lflread.o
 .ARM.attributes
                0x00000000000028b9       0x35 binaries/lflseek.o
 .ARM.attributes
                0x00000000000028ee       0x35 binaries/lflwrite.o
 .ARM.attributes
                0x0000000000002923       0x35 binaries/lfsckfmt.o
 .ARM.attributes
                0x0000000000002958       0x35 binaries/lfscreate.o
 .ARM.attributes
                0x000000000000298d       0x35 binaries/lfsetup.o
 .ARM.attributes
                0x00000000000029c2       0x35 binaries/lfsinit.o
 .ARM.attributes
                0x00000000000029f7       0x35 binaries/lfsopen.o
 .ARM.attributes
                0x0000000000002a2c       0x35 binaries/lftruncate.o
 .ARM.attributes
                0x0000000000002a61       0x35 binaries/rflclose.o
 .ARM.attributes
                0x0000000000002a96       0x35 binaries/rflgetc.o
 .ARM.attributes
                0x0000000000002acb       0x35 binaries/rflinit.o
 .ARM.attributes
                0x0000000000002b00       0x35 binaries/rflputc.o
 .ARM.attributes
                0x0000000000002b35       0x35 binaries/rflread.o
 .ARM.attributes
                0x0000000000002b6a       0x35 binaries/rflseek.o
 .ARM.attributes
                0x0000000000002b9f       0x35 binaries/rflwrite.o
 .ARM.attributes
                0x0000000000002bd4       0x35 binaries/rfscomm.o
 .ARM.attributes
                0x0000000000002c09       0x35 binaries/rfscontrol.o
 .ARM.attributes
                0x0000000000002c3e       0x35 binaries/rfsgetmode.o
 .ARM.attributes
                0x0000000000002c73       0x35 binaries/rfsinit.o
 .ARM.attributes
                0x0000000000002ca8       0x35 binaries/rfsndmsg.o
 .ARM.attributes
                0x0000000000002cdd       0x35 binaries/rfsopen.o
 .ARM.attributes
                0x0000000000002d12       0x35 binaries/arp.o
 .ARM.attributes
                0x0000000000002d47       0x35 binaries/dhcp.o
 .ARM.attributes
                0x0000000000002d7c       0x35 binaries/dns.o
 .ARM.attributes
                0x0000000000002db1       0x35 binaries/dot2ip.o
 .ARM.attributes
                0x0000000000002de6       0x35 binaries/getutime.o
 .ARM.attributes
                0x0000000000002e1b       0x35 binaries/hexdump.o
 .ARM.attributes
                0x0000000000002e50       0x35 binaries/icmp.o
 .ARM.attributes
                0x0000000000002e85       0x35 binaries/ip2dot.o
 .ARM.attributes
                0x0000000000002eba       0x35 binaries/ip.o
 .ARM.attributes
                0x0000000000002eef       0x35 binaries/net.o
 .ARM.attributes
                0x0000000000002f24       0x35 binaries/netstart.o
 .ARM.attributes
                0x0000000000002f59       0x35 binaries/pdump.o
 .ARM.attributes
                0x0000000000002f8e       0x35 binaries/tftp.o
 .ARM.attributes
                0x0000000000002fc3       0x35 binaries/udp.o
 .ARM.attributes
                0x0000000000002ff8       0x25 binaries/intr.o
 .ARM.attributes
                0x000000000000301d       0x25 binaries/ctxsw.o
 .ARM.attributes
                0x0000000000003042       0x18 /usr/lib/gcc/arm-none-eabi/5.4.1/libgcc.a(_udivsi3.o)
 .ARM.attributes
                0x000000000000305a       0x18 /usr/lib/gcc/arm-none-eabi/5.4.1/libgcc.a(_divsi3.o)
 .ARM.attributes
                0x0000000000003072       0x18 /usr/lib/gcc/arm-none-eabi/5.4.1/libgcc.a(_dvmd_tls.o)

.comment        0x0000000000000000       0x6e
 .comment       0x0000000000000000       0x6e binaries/ascdate.o
                                         0x6f (size before relaxing)
 .comment       0x000000000000006e       0x6f binaries/bs.o
 .comment       0x000000000000006e       0x6f binaries/bufinit.o
 .comment       0x000000000000006e       0x6f binaries/chprio.o
 .comment       0x000000000000006e       0x6f binaries/close.o
 .comment       0x000000000000006e       0x6f binaries/conf.o
 .comment       0x000000000000006e       0x6f binaries/control.o
 .comment       0x000000000000006e       0x6f binaries/create.o
 .comment       0x000000000000006e       0x6f binaries/evec.o
 .comment       0x000000000000006e       0x6f binaries/exit.o
 .comment       0x000000000000006e       0x6f binaries/f_queue.o
 .comment       0x000000000000006e       0x6f binaries/freebuf.o
 .comment       0x000000000000006e       0x6f binaries/freemem.o
 .comment       0x000000000000006e       0x6f binaries/fs.o
 .comment       0x000000000000006e       0x6f binaries/future_alloc.o
 .comment       0x000000000000006e       0x6f binaries/future_free.o
 .comment       0x000000000000006e       0x6f binaries/future_get.o
 .comment       0x000000000000006e       0x6f binaries/future_set.o
 .comment       0x000000000000006e       0x6f binaries/getbuf.o
 .comment       0x000000000000006e       0x6f binaries/getc.o
 .comment       0x000000000000006e       0x6f binaries/getdev.o
 .comment       0x000000000000006e       0x6f binaries/getitem.o
 .comment       0x000000000000006e       0x6f binaries/getmem.o
 .comment       0x000000000000006e       0x6f binaries/getpid.o
 .comment       0x000000000000006e       0x6f binaries/getprio.o
 .comment       0x000000000000006e       0x6f binaries/getstk.o
 .comment       0x000000000000006e       0x6f binaries/init.o
 .comment       0x000000000000006e       0x6f binaries/initialize.o
 .comment       0x000000000000006e       0x6f binaries/insert.o
 .comment       0x000000000000006e       0x6f binaries/insertd.o
 .comment       0x000000000000006e       0x6f binaries/ioerr.o
 .comment       0x000000000000006e       0x6f binaries/ionull.o
 .comment       0x000000000000006e       0x6f binaries/kill.o
 .comment       0x000000000000006e       0x6f binaries/mark.o
 .comment       0x000000000000006e       0x6f binaries/meminit.o
 .comment       0x000000000000006e       0x6f binaries/mkbufpool.o
 .comment       0x000000000000006e       0x6f binaries/mmu.o
 .comment       0x000000000000006e       0x6f binaries/newqueue.o
 .comment       0x000000000000006e       0x6f binaries/open.o
 .comment       0x000000000000006e       0x6f binaries/panic.o
 .comment       0x000000000000006e       0x6f binaries/ptclear.o
 .comment       0x000000000000006e       0x6f binaries/ptcount.o
 .comment       0x000000000000006e       0x6f binaries/ptcreate.o
 .comment       0x000000000000006e       0x6f binaries/ptdelete.o
 .comment       0x000000000000006e       0x6f binaries/ptinit.o
 .comment       0x000000000000006e       0x6f binaries/ptrecv.o
 .comment       0x000000000000006e       0x6f binaries/ptreset.o
 .comment       0x000000000000006e       0x6f binaries/ptsend.o
 .comment       0x000000000000006e       0x6f binaries/putc.o
 .comment       0x000000000000006e       0x6f binaries/queue.o
 .comment       0x000000000000006e       0x6f binaries/read.o
 .comment       0x000000000000006e       0x6f binaries/ready.o
 .comment       0x000000000000006e       0x6f binaries/receive.o
 .comment       0x000000000000006e       0x6f binaries/recvclr.o
 .comment       0x000000000000006e       0x6f binaries/recvtime.o
 .comment       0x000000000000006e       0x6f binaries/resched.o
 .comment       0x000000000000006e       0x6f binaries/resume.o
 .comment       0x000000000000006e       0x6f binaries/seek.o
 .comment       0x000000000000006e       0x6f binaries/semcount.o
 .comment       0x000000000000006e       0x6f binaries/semcreate.o
 .comment       0x000000000000006e       0x6f binaries/semdelete.o
 .comment       0x000000000000006e       0x6f binaries/semreset.o
 .comment       0x000000000000006e       0x6f binaries/send.o
 .comment       0x000000000000006e       0x6f binaries/signal.o
 .comment       0x000000000000006e       0x6f binaries/signaln.o
 .comment       0x000000000000006e       0x6f binaries/sleep.o
 .comment       0x000000000000006e       0x6f binaries/suspend.o
 .comment       0x000000000000006e       0x6f binaries/unsleep.o
 .comment       0x000000000000006e       0x6f binaries/userret.o
 .comment       0x000000000000006e       0x6f binaries/wait.o
 .comment       0x000000000000006e       0x6f binaries/wakeup.o
 .comment       0x000000000000006e       0x6f binaries/write.o
 .comment       0x000000000000006e       0x6f binaries/xdone.o
 .comment       0x000000000000006e       0x6f binaries/yield.o
 .comment       0x000000000000006e       0x6f binaries/clkhandler.o
 .comment       0x000000000000006e       0x6f binaries/clkinit.o
 .comment       0x000000000000006e       0x6f binaries/gettime.o
 .comment       0x000000000000006e       0x6f binaries/kprintf.o
 .comment       0x000000000000006e       0x6f binaries/main.o
 .comment       0x000000000000006e       0x6f binaries/platinit.o
 .comment       0x000000000000006e       0x6f binaries/xsh_arp.o
 .comment       0x000000000000006e       0x6f binaries/xsh_ipaddr.o
 .comment       0x000000000000006e       0x6f binaries/xsh_ping.o
 .comment       0x000000000000006e       0x6f binaries/xsh_udpdump.o
 .comment       0x000000000000006e       0x6f binaries/xsh_udpecho.o
 .comment       0x000000000000006e       0x6f binaries/xsh_udpeserver.o
 .comment       0x000000000000006e       0x6f binaries/abs.o
 .comment       0x000000000000006e       0x6f binaries/atoi.o
 .comment       0x000000000000006e       0x6f binaries/atol.o
 .comment       0x000000000000006e       0x6f binaries/bzero.o
 .comment       0x000000000000006e       0x6f binaries/ctype_.o
 .comment       0x000000000000006e       0x6f binaries/doprnt.o
 .comment       0x000000000000006e       0x6f binaries/doscan.o
 .comment       0x000000000000006e       0x6f binaries/fdoprnt.o
 .comment       0x000000000000006e       0x6f binaries/fgetc.o
 .comment       0x000000000000006e       0x6f binaries/fgets.o
 .comment       0x000000000000006e       0x6f binaries/fprintf.o
 .comment       0x000000000000006e       0x6f binaries/fputc.o
 .comment       0x000000000000006e       0x6f binaries/fputs.o
 .comment       0x000000000000006e       0x6f binaries/fscanf.o
 .comment       0x000000000000006e       0x6f binaries/getchar.o
 .comment       0x000000000000006e       0x6f binaries/labs.o
 .comment       0x000000000000006e       0x6f binaries/memchr.o
 .comment       0x000000000000006e       0x6f binaries/memcmp.o
 .comment       0x000000000000006e       0x6f binaries/memcpy.o
 .comment       0x000000000000006e       0x6f binaries/memset.o
 .comment       0x000000000000006e       0x6f binaries/printf.o
 .comment       0x000000000000006e       0x6f binaries/putchar.o
 .comment       0x000000000000006e       0x6f binaries/qsort.o
 .comment       0x000000000000006e       0x6f binaries/rand.o
 .comment       0x000000000000006e       0x6f binaries/sprintf.o
 .comment       0x000000000000006e       0x6f binaries/sscanf.o
 .comment       0x000000000000006e       0x6f binaries/strchr.o
 .comment       0x000000000000006e       0x6f binaries/strcmp.o
 .comment       0x000000000000006e       0x6f binaries/strcpy.o
 .comment       0x000000000000006e       0x6f binaries/strlen.o
 .comment       0x000000000000006e       0x6f binaries/strncat.o
 .comment       0x000000000000006e       0x6f binaries/strncmp.o
 .comment       0x000000000000006e       0x6f binaries/strncpy.o
 .comment       0x000000000000006e       0x6f binaries/strnlen.o
 .comment       0x000000000000006e       0x6f binaries/strrchr.o
 .comment       0x000000000000006e       0x6f binaries/strstr.o
 .comment       0x000000000000006e       0x6f binaries/addargs.o
 .comment       0x000000000000006e       0x6f binaries/lexan.o
 .comment       0x000000000000006e       0x6f binaries/shell.o
 .comment       0x000000000000006e       0x6f binaries/xsh_argecho.o
 .comment       0x000000000000006e       0x6f binaries/xsh_cat.o
 .comment       0x000000000000006e       0x6f binaries/xsh_clear.o
 .comment       0x000000000000006e       0x6f binaries/xsh_date.o
 .comment       0x000000000000006e       0x6f binaries/xsh_devdump.o
 .comment       0x000000000000006e       0x6f binaries/xsh_echo.o
 .comment       0x000000000000006e       0x6f binaries/xsh_exit.o
 .comment       0x000000000000006e       0x6f binaries/xsh_fstest.o
 .comment       0x000000000000006e       0x6f binaries/xsh_hello.o
 .comment       0x000000000000006e       0x6f binaries/xsh_help.o
 .comment       0x000000000000006e       0x6f binaries/xsh_kill.o
 .comment       0x000000000000006e       0x6f binaries/xsh_led.o
 .comment       0x000000000000006e       0x6f binaries/xsh_memdump.o
 .comment       0x000000000000006e       0x6f binaries/xsh_memstat.o
 .comment       0x000000000000006e       0x6f binaries/xsh_mmu.o
 .comment       0x000000000000006e       0x6f binaries/xsh_prodcons.o
 .comment       0x000000000000006e       0x6f binaries/xsh_ps.o
 .comment       0x000000000000006e       0x6f binaries/xsh_sleep.o
 .comment       0x000000000000006e       0x6f binaries/xsh_uptime.o
 .comment       0x000000000000006e       0x6f binaries/consume.o
 .comment       0x000000000000006e       0x6f binaries/future_cons.o
 .comment       0x000000000000006e       0x6f binaries/future_prod.o
 .comment       0x000000000000006e       0x6f binaries/produce.o
 .comment       0x000000000000006e       0x6f binaries/ttycontrol.o
 .comment       0x000000000000006e       0x6f binaries/ttygetc.o
 .comment       0x000000000000006e       0x6f binaries/ttyhandle_in.o
 .comment       0x000000000000006e       0x6f binaries/ttyhandle_out.o
 .comment       0x000000000000006e       0x6f binaries/ttyhandler.o
 .comment       0x000000000000006e       0x6f binaries/ttyinit.o
 .comment       0x000000000000006e       0x6f binaries/ttykickout.o
 .comment       0x000000000000006e       0x6f binaries/ttyputc.o
 .comment       0x000000000000006e       0x6f binaries/ttyread.o
 .comment       0x000000000000006e       0x6f binaries/ttywrite.o
 .comment       0x000000000000006e       0x6f binaries/mount.o
 .comment       0x000000000000006e       0x6f binaries/naminit.o
 .comment       0x000000000000006e       0x6f binaries/nammap.o
 .comment       0x000000000000006e       0x6f binaries/namopen.o
 .comment       0x000000000000006e       0x6f binaries/colon2mac.o
 .comment       0x000000000000006e       0x6f binaries/ethcontrol.o
 .comment       0x000000000000006e       0x6f binaries/ethhandler.o
 .comment       0x000000000000006e       0x6f binaries/ethinit.o
 .comment       0x000000000000006e       0x6f binaries/ethread.o
 .comment       0x000000000000006e       0x6f binaries/ethwrite.o
 .comment       0x000000000000006e       0x6f binaries/rdsbufalloc.o
 .comment       0x000000000000006e       0x6f binaries/rdsclose.o
 .comment       0x000000000000006e       0x6f binaries/rdscomm.o
 .comment       0x000000000000006e       0x6f binaries/rdscontrol.o
 .comment       0x000000000000006e       0x6f binaries/rdsinit.o
 .comment       0x000000000000006e       0x6f binaries/rdsopen.o
 .comment       0x000000000000006e       0x6f binaries/rdsprocess.o
 .comment       0x000000000000006e       0x6f binaries/rdsread.o
 .comment       0x000000000000006e       0x6f binaries/rdswrite.o
 .comment       0x000000000000006e       0x6f binaries/ramclose.o
 .comment       0x000000000000006e       0x6f binaries/raminit.o
 .comment       0x000000000000006e       0x6f binaries/ramopen.o
 .comment       0x000000000000006e       0x6f binaries/ramread.o
 .comment       0x000000000000006e       0x6f binaries/ramwrite.o
 .comment       0x000000000000006e       0x6f binaries/lfdballoc.o
 .comment       0x000000000000006e       0x6f binaries/lfdbfree.o
 .comment       0x000000000000006e       0x6f binaries/lfflush.o
 .comment       0x000000000000006e       0x6f binaries/lfgetmode.o
 .comment       0x000000000000006e       0x6f binaries/lfiballoc.o
 .comment       0x000000000000006e       0x6f binaries/lfibclear.o
 .comment       0x000000000000006e       0x6f binaries/lfibget.o
 .comment       0x000000000000006e       0x6f binaries/lfibput.o
 .comment       0x000000000000006e       0x6f binaries/lflclose.o
 .comment       0x000000000000006e       0x6f binaries/lflcontrol.o
 .comment       0x000000000000006e       0x6f binaries/lflgetc.o
 .comment       0x000000000000006e       0x6f binaries/lflinit.o
 .comment       0x000000000000006e       0x6f binaries/lflputc.o
 .comment       0x000000000000006e       0x6f binaries/lflread.o
 .comment       0x000000000000006e       0x6f binaries/lflseek.o
 .comment       0x000000000000006e       0x6f binaries/lflwrite.o
 .comment       0x000000000000006e       0x6f binaries/lfsckfmt.o
 .comment       0x000000000000006e       0x6f binaries/lfscreate.o
 .comment       0x000000000000006e       0x6f binaries/lfsetup.o
 .comment       0x000000000000006e       0x6f binaries/lfsinit.o
 .comment       0x000000000000006e       0x6f binaries/lfsopen.o
 .comment       0x000000000000006e       0x6f binaries/lftruncate.o
 .comment       0x000000000000006e       0x6f binaries/rflclose.o
 .comment       0x000000000000006e       0x6f binaries/rflgetc.o
 .comment       0x000000000000006e       0x6f binaries/rflinit.o
 .comment       0x000000000000006e       0x6f binaries/rflputc.o
 .comment       0x000000000000006e       0x6f binaries/rflread.o
 .comment       0x000000000000006e       0x6f binaries/rflseek.o
 .comment       0x000000000000006e       0x6f binaries/rflwrite.o
 .comment       0x000000000000006e       0x6f binaries/rfscomm.o
 .comment       0x000000000000006e       0x6f binaries/rfscontrol.o
 .comment       0x000000000000006e       0x6f binaries/rfsgetmode.o
 .comment       0x000000000000006e       0x6f binaries/rfsinit.o
 .comment       0x000000000000006e       0x6f binaries/rfsndmsg.o
 .comment       0x000000000000006e       0x6f binaries/rfsopen.o
 .comment       0x000000000000006e       0x6f binaries/arp.o
 .comment       0x000000000000006e       0x6f binaries/dhcp.o
 .comment       0x000000000000006e       0x6f binaries/dns.o
 .comment       0x000000000000006e       0x6f binaries/dot2ip.o
 .comment       0x000000000000006e       0x6f binaries/getutime.o
 .comment       0x000000000000006e       0x6f binaries/hexdump.o
 .comment       0x000000000000006e       0x6f binaries/icmp.o
 .comment       0x000000000000006e       0x6f binaries/ip2dot.o
 .comment       0x000000000000006e       0x6f binaries/ip.o
 .comment       0x000000000000006e       0x6f binaries/net.o
 .comment       0x000000000000006e       0x6f binaries/netstart.o
 .comment       0x000000000000006e       0x6f binaries/pdump.o
 .comment       0x000000000000006e       0x6f binaries/tftp.o
 .comment       0x000000000000006e       0x6f binaries/udp.o

.debug_frame    0x0000000000000000       0x40
 .debug_frame   0x0000000000000000       0x20 /usr/lib/gcc/arm-none-eabi/5.4.1/libgcc.a(_udivsi3.o)
 .debug_frame   0x0000000000000020       0x20 /usr/lib/gcc/arm-none-eabi/5.4.1/libgcc.a(_divsi3.o)
